[    0.004443]   Normal   [mem 0x0000000100000000-0x000000017fffffff]
[    0.004444]   Device   empty
[    0.004444] Movable zone start for each node
[    0.004445] Early memory node ranges
[    0.004446]   node   0: [mem 0x0000000000001000-0x000000000009efff]
[    0.004447]   node   0: [mem 0x0000000000100000-0x000000007ffdafff]
[    0.004447]   node   0: [mem 0x0000000100000000-0x000000017fffffff]
[    0.004449] Initmem setup node 0 [mem 0x0000000000001000-0x000000017fffffff]
[    0.004706] On node 0, zone DMA: 1 pages in unavailable ranges
[    0.004721] On node 0, zone DMA: 97 pages in unavailable ranges
[    0.014385] On node 0, zone Normal: 37 pages in unavailable ranges
[    0.015356] ACPI: PM-Timer IO Port: 0x608
[    0.015368] ACPI: LAPIC_NMI (acpi_id[0xff] dfl dfl lint[0x1])
[    0.015398] IOAPIC[0]: apic_id 0, version 17, address 0xfec00000, GSI 0-23
[    0.015400] ACPI: INT_SRC_OVR (bus 0 bus_irq 0 global_irq 2 dfl dfl)
[    0.015401] ACPI: INT_SRC_OVR (bus 0 bus_irq 5 global_irq 5 high level)
[    0.015402] ACPI: INT_SRC_OVR (bus 0 bus_irq 9 global_irq 9 high level)
[    0.015403] ACPI: INT_SRC_OVR (bus 0 bus_irq 10 global_irq 10 high level)
[    0.015403] ACPI: INT_SRC_OVR (bus 0 bus_irq 11 global_irq 11 high level)
[    0.015406] ACPI: Using ACPI (MADT) for SMP configuration information
[    0.015407] TSC deadline timer available
[    0.015410] CPU topo: Max. logical packages:   4
[    0.015410] CPU topo: Max. logical dies:       4
[    0.015411] CPU topo: Max. dies per package:   1
[    0.015413] CPU topo: Max. threads per core:   1
[    0.015414] CPU topo: Num. cores per package:     1
[    0.015414] CPU topo: Num. threads per package:   1
[    0.015415] CPU topo: Allowing 4 present CPUs plus 0 hotplug CPUs
[    0.015428] kvm-guest: APIC: eoi() replaced with kvm_guest_apic_eoi_write()
[    0.015438] kvm-guest: KVM setup pv remote TLB flush
[    0.015440] kvm-guest: setup PV sched yield
[    0.015447] PM: hibernation: Registered nosave memory: [mem 0x00000000-0x00000fff]
[    0.015448] PM: hibernation: Registered nosave memory: [mem 0x0009f000-0x000fffff]
[    0.015449] PM: hibernation: Registered nosave memory: [mem 0x7ffdb000-0xffffffff]
[    0.015450] [mem 0xc0000000-0xfed1bfff] available for PCI devices
[    0.015451] Booting paravirtualized kernel on KVM
[    0.015453] clocksource: refined-jiffies: mask: 0xffffffff max_cycles: 0xffffffff, max_idle_ns: 1910969940391419 ns
[    0.015458] setup_percpu: NR_CPUS:8192 nr_cpumask_bits:4 nr_cpu_ids:4 nr_node_ids:1
[    0.015824] percpu: Embedded 84 pages/cpu s221184 r8192 d114688 u524288
[    0.015828] pcpu-alloc: s221184 r8192 d114688 u524288 alloc=1*2097152
[    0.015830] pcpu-alloc: [0] 0 1 2 3 
[    0.015855] kvm-guest: PV spinlocks enabled
[    0.015857] PV qspinlock hash table entries: 256 (order: 0, 4096 bytes, linear)
[    0.015859] Kernel command line: BOOT_IMAGE=/vmlinuz-6.17.0-6-generic root=/dev/mapper/ubuntu--vg-ubuntu--lv ro crashkernel=2G-4G:320M,4G-32G:512M,32G-64G:1024M,64G-128G:2048M,128G-:4096M
[    0.015895] Unknown kernel command line parameters "BOOT_IMAGE=/vmlinuz-6.17.0-6-generic", will be passed to user space.
[    0.015904] random: crng init done
[    0.015905] printk: log buffer data + meta data: 262144 + 917504 = 1179648 bytes
[    0.016360] Dentry cache hash table entries: 524288 (order: 10, 4194304 bytes, linear)
[    0.016575] Inode-cache hash table entries: 262144 (order: 9, 2097152 bytes, linear)
[    0.016634] software IO TLB: area num 4.
[    0.032930] Fallback order for Node 0: 0 
[    0.032935] Built 1 zonelists, mobility grouping on.  Total pages: 1048441
[    0.032936] Policy zone: Normal
[    0.032943] mem auto-init: stack:all(zero), heap alloc:on, heap free:off
[    0.043334] SLUB: HWalign=64, Order=0-3, MinObjects=0, CPUs=4, Nodes=1
[    0.047996] ftrace: allocating 61460 entries in 242 pages
[    0.047999] ftrace: allocated 242 pages with 5 groups
[    0.048545] Dynamic Preempt: voluntary
[    0.048796] rcu: Preemptible hierarchical RCU implementation.
[    0.048797] rcu:     RCU restricting CPUs from NR_CPUS=8192 to nr_cpu_ids=4.
[    0.048799]  Trampoline variant of Tasks RCU enabled.
[    0.048799]  Rude variant of Tasks RCU enabled.
[    0.048800]  Tracing variant of Tasks RCU enabled.
[    0.048800] rcu: RCU calculated value of scheduler-enlistment delay is 100 jiffies.
[    0.048801] rcu: Adjusting geometry for rcu_fanout_leaf=16, nr_cpu_ids=4
[    0.048809] RCU Tasks: Setting shift to 2 and lim to 1 rcu_task_cb_adjust=1 rcu_task_cpu_ids=4.
[    0.048811] RCU Tasks Rude: Setting shift to 2 and lim to 1 rcu_task_cb_adjust=1 rcu_task_cpu_ids=4.
[    0.048813] RCU Tasks Trace: Setting shift to 2 and lim to 1 rcu_task_cb_adjust=1 rcu_task_cpu_ids=4.
[    0.053974] NR_IRQS: 524544, nr_irqs: 456, preallocated irqs: 16
[    0.054180] rcu: srcu_init: Setting srcu_struct sizes based on contention.
[    0.054254] Console: colour dummy device 80x25
[    0.054257] printk: legacy console [tty0] enabled
[    0.054458] ACPI: Core revision 20250404
[    0.054513] APIC: Switch to symmetric I/O mode setup
[    0.054740] x2apic enabled
[    0.054987] APIC: Switched APIC routing to: physical x2apic
[    0.054993] kvm-guest: APIC: send_IPI_mask() replaced with kvm_send_ipi_mask()
[    0.054998] kvm-guest: APIC: send_IPI_mask_allbutself() replaced with kvm_send_ipi_mask_allbutself()
[    0.055002] kvm-guest: setup PV IPIs
[    0.055839] clocksource: tsc-early: mask: 0xffffffffffffffff max_cycles: 0x23fa772cf26, max_idle_ns: 440795269835 ns
[    0.055848] Calibrating delay loop (skipped) preset value.. 4992.00 BogoMIPS (lpj=2496000)
[    0.055970] x86/cpu: User Mode Instruction Prevention (UMIP) activated
[    0.056041] Last level iTLB entries: 4KB 0, 2MB 0, 4MB 0
[    0.056044] Last level dTLB entries: 4KB 0, 2MB 0, 4MB 0, 1GB 0
[    0.056054] mitigations: Enabled attack vectors: user_kernel, user_user, guest_host, guest_guest, SMT mitigations: auto
[    0.056062] Speculative Store Bypass: Mitigation: Speculative Store Bypass disabled via prctl
[    0.056065] Spectre V2 : Mitigation: Enhanced / Automatic IBRS
[    0.056067] Register File Data Sampling: Mitigation: Clear Register File
[    0.056069] Spectre V1 : Mitigation: usercopy/swapgs barriers and __user pointer sanitization
[    0.056074] Spectre V2 : Spectre v2 / PBRSB-eIBRS: Retire a single CALL on VMEXIT
[    0.056077] Spectre V2 : mitigation: Enabling conditional Indirect Branch Prediction Barrier
[    0.056100] x86/fpu: Supporting XSAVE feature 0x001: 'x87 floating point registers'
[    0.056103] x86/fpu: Supporting XSAVE feature 0x002: 'SSE registers'
[    0.056106] x86/fpu: Supporting XSAVE feature 0x004: 'AVX registers'
[    0.056108] x86/fpu: Supporting XSAVE feature 0x200: 'Protection Keys User registers'
[    0.056111] x86/fpu: xstate_offset[2]:  576, xstate_sizes[2]:  256
[    0.056114] x86/fpu: xstate_offset[9]:  832, xstate_sizes[9]:    8
[    0.056116] x86/fpu: Enabled xstate features 0x207, context size is 840 bytes, using 'compacted' format.
[    0.056845] Freeing SMP alternatives memory: 52K
[    0.056845] pid_max: default: 32768 minimum: 301
[    0.056845] LSM: initializing lsm=lockdown,capability,landlock,yama,apparmor,ima,evm
[    0.056845] landlock: Up and running.
[    0.056845] Yama: becoming mindful.
[    0.056845] AppArmor: AppArmor initialized
[    0.056845] Mount-cache hash table entries: 8192 (order: 4, 65536 bytes, linear)
[    0.056845] Mountpoint-cache hash table entries: 8192 (order: 4, 65536 bytes, linear)
[    0.056845] smpboot: CPU0: 12th Gen Intel(R) Core(TM) i5-1235U (family: 0x6, model: 0x9a, stepping: 0x4)
[    0.056845] Performance Events: unsupported CPU family 6 model 154 no PMU driver, software events only.
[    0.056845] signal: max sigframe size: 3632
[    0.056845] rcu: Hierarchical SRCU implementation.
[    0.056845] rcu:     Max phase no-delay instances is 400.
[    0.056845] Timer migration: 1 hierarchy levels; 8 children per group; 1 crossnode level
[    0.056845] NMI watchdog: Perf NMI watchdog permanently disabled
[    0.056845] smp: Bringing up secondary CPUs ...
[    0.056845] smpboot: x86: Booting SMP configuration:
[    0.056845] .... node  #0, CPUs:      #1 #2 #3
[    0.060003] smp: Brought up 1 node, 4 CPUs
[    0.060008] smpboot: Total of 4 processors activated (19968.00 BogoMIPS)
[    0.060234] Memory: 3378288K/4193764K available (22760K kernel code, 4660K rwdata, 16316K rodata, 5140K init, 4328K bss, 807696K reserved, 0K cma-reserved)
[    0.060234] devtmpfs: initialized
[    0.060234] x86/mm: Memory block size: 128MB
[    0.061109] clocksource: jiffies: mask: 0xffffffff max_cycles: 0xffffffff, max_idle_ns: 1911260446275000 ns
[    0.061109] posixtimers hash table entries: 2048 (order: 3, 32768 bytes, linear)
[    0.061109] futex hash table entries: 1024 (65536 bytes on 1 NUMA nodes, total 64 KiB, linear).
[    0.061109] pinctrl core: initialized pinctrl subsystem
[    0.061109] PM: RTC time: 15:22:34, date: 2025-11-08
[    0.062062] NET: Registered PF_NETLINK/PF_ROUTE protocol family
[    0.062377] DMA: preallocated 512 KiB GFP_KERNEL pool for atomic allocations
[    0.062426] DMA: preallocated 512 KiB GFP_KERNEL|GFP_DMA pool for atomic allocations
[    0.062500] DMA: preallocated 512 KiB GFP_KERNEL|GFP_DMA32 pool for atomic allocations
[    0.062509] audit: initializing netlink subsys (disabled)
[    0.062530] audit: type=2000 audit(1762615355.109:1): state=initialized audit_enabled=0 res=1
[    0.062530] thermal_sys: Registered thermal governor 'fair_share'
[    0.062530] thermal_sys: Registered thermal governor 'bang_bang'
[    0.062530] thermal_sys: Registered thermal governor 'step_wise'
[    0.062530] thermal_sys: Registered thermal governor 'user_space'
[    0.062530] thermal_sys: Registered thermal governor 'power_allocator'
[    0.062530] cpuidle: using governor ladder
[    0.062530] cpuidle: using governor menu
[    0.062855] acpiphp: ACPI Hot Plug PCI Controller Driver version: 0.5
[    0.062954] PCI: ECAM [mem 0xb0000000-0xbfffffff] (base 0xb0000000) for domain 0000 [bus 00-ff]
[    0.062959] PCI: ECAM [mem 0xb0000000-0xbfffffff] reserved as E820 entry
[    0.062966] PCI: Using configuration type 1 for base access
[    0.063031] kprobes: kprobe jump-optimization is enabled. All kprobes are optimized if possible.
[    0.065942] HugeTLB: allocation took 0ms with hugepage_allocation_threads=1
[    0.065956] HugeTLB: registered 1.00 GiB page size, pre-allocated 0 pages
[    0.065959] HugeTLB: 16380 KiB vmemmap can be freed for a 1.00 GiB page
[    0.065962] HugeTLB: registered 2.00 MiB page size, pre-allocated 0 pages
[    0.065964] HugeTLB: 28 KiB vmemmap can be freed for a 2.00 MiB page
[    0.066964] fbcon: Taking over console
[    0.066985] ACPI: Added _OSI(Module Device)
[    0.066987] ACPI: Added _OSI(Processor Device)
[    0.066989] ACPI: Added _OSI(Processor Aggregator Device)
[    0.068661] ACPI: 1 ACPI AML tables successfully acquired and loaded
[    0.089012] ACPI: Interpreter enabled
[    0.089012] ACPI: PM: (supports S0 S5)
[    0.089015] ACPI: Using IOAPIC for interrupt routing
[    0.089182] PCI: Using host bridge windows from ACPI; if necessary, use "pci=nocrs" and report a bug
[    0.089186] PCI: Using E820 reservations for host bridge windows
[    0.089269] ACPI: Enabled 2 GPEs in block 00 to 3F
[    0.090883] ACPI: PCI Root Bridge [PCI0] (domain 0000 [bus 00-ff])
[    0.090889] acpi PNP0A08:00: _OSC: OS supports [ExtendedConfig ASPM ClockPM Segments MSI EDR HPX-Type3]
[    0.090919] acpi PNP0A08:00: _OSC: platform does not support [PCIeHotplug LTR DPC]
[    0.090959] acpi PNP0A08:00: _OSC: OS now controls [SHPCHotplug PME AER PCIeCapability]
[    0.091166] PCI host bridge to bus 0000:00
[    0.091168] pci_bus 0000:00: root bus resource [io  0x0000-0x0cf7 window]
[    0.091171] pci_bus 0000:00: root bus resource [io  0x0d00-0xffff window]
[    0.091172] pci_bus 0000:00: root bus resource [mem 0x000a0000-0x000bffff window]
[    0.091174] pci_bus 0000:00: root bus resource [mem 0x80000000-0xafffffff window]
[    0.091176] pci_bus 0000:00: root bus resource [mem 0xc0000000-0xfebfffff window]
[    0.091177] pci_bus 0000:00: root bus resource [mem 0x7000000000-0x77ffffffff window]
[    0.091179] pci_bus 0000:00: root bus resource [bus 00-ff]
[    0.091224] pci 0000:00:00.0: [8086:29c0] type 00 class 0x060000 conventional PCI endpoint
[    0.091593] pci 0000:00:01.0: [1af4:1050] type 00 class 0x030000 conventional PCI endpoint
[    0.094859] pci 0000:00:01.0: BAR 0 [mem 0xfc000000-0xfc7fffff pref]
[    0.094876] pci 0000:00:01.0: BAR 2 [mem 0x70e0000000-0x70e0003fff 64bit pref]
[    0.094883] pci 0000:00:01.0: BAR 4 [mem 0xfea14000-0xfea14fff]
[    0.094893] pci 0000:00:01.0: ROM [mem 0xfea00000-0xfea0ffff pref]
[    0.094924] pci 0000:00:01.0: Video device with shadowed ROM at [mem 0x000c0000-0x000dffff]
[    0.095314] pci 0000:00:02.0: [1b36:000c] type 01 class 0x060400 PCIe Root Port
[    0.099853] pci 0000:00:02.0: BAR 0 [mem 0xfea15000-0xfea15fff]
[    0.099869] pci 0000:00:02.0: PCI bridge to [bus 01]
[    0.099894] pci 0000:00:02.0:   bridge window [mem 0xfe800000-0xfe9fffff]
[    0.100866] pci 0000:00:02.0:   bridge window [mem 0x70d0000000-0x70dfffffff 64bit pref]
[    0.101915] pci 0000:00:02.0: enabling Extended Tags
[    0.103395] pci 0000:00:02.1: [1b36:000c] type 01 class 0x060400 PCIe Root Port
[    0.107869] pci 0000:00:02.1: BAR 0 [mem 0xfea16000-0xfea16fff]
[    0.107923] pci 0000:00:02.1: PCI bridge to [bus 02]
[    0.107997] pci 0000:00:02.1:   bridge window [mem 0xfe600000-0xfe7fffff]
[    0.108869] pci 0000:00:02.1:   bridge window [mem 0x70c0000000-0x70cfffffff 64bit pref]
[    0.108922] pci 0000:00:02.1: enabling Extended Tags
[    0.109424] pci 0000:00:02.2: [1b36:000c] type 01 class 0x060400 PCIe Root Port
[    0.111655] pci 0000:00:02.2: BAR 0 [mem 0xfea17000-0xfea17fff]
[    0.111671] pci 0000:00:02.2: PCI bridge to [bus 03]
[    0.111696] pci 0000:00:02.2:   bridge window [mem 0xfe400000-0xfe5fffff]
[    0.114865] pci 0000:00:02.2:   bridge window [mem 0x70b0000000-0x70bfffffff 64bit pref]
[    0.114917] pci 0000:00:02.2: enabling Extended Tags
[    0.115429] pci 0000:00:02.3: [1b36:000c] type 01 class 0x060400 PCIe Root Port
[    0.117854] pci 0000:00:02.3: BAR 0 [mem 0xfea18000-0xfea18fff]
[    0.117871] pci 0000:00:02.3: PCI bridge to [bus 04]
[    0.117896] pci 0000:00:02.3:   bridge window [mem 0xfe200000-0xfe3fffff]
[    0.118783] pci 0000:00:02.3:   bridge window [mem 0x70a0000000-0x70afffffff 64bit pref]
[    0.118831] pci 0000:00:02.3: enabling Extended Tags
[    0.119282] pci 0000:00:02.4: [1b36:000c] type 01 class 0x060400 PCIe Root Port
[    0.120853] pci 0000:00:02.4: BAR 0 [mem 0xfea19000-0xfea19fff]
[    0.120868] pci 0000:00:02.4: PCI bridge to [bus 05]
[    0.120890] pci 0000:00:02.4:   bridge window [mem 0xfe000000-0xfe1fffff]
[    0.121685] pci 0000:00:02.4:   bridge window [mem 0x7090000000-0x709fffffff 64bit pref]
[    0.121729] pci 0000:00:02.4: enabling Extended Tags
[    0.122199] pci 0000:00:02.5: [1b36:000c] type 01 class 0x060400 PCIe Root Port
[    0.126453] pci 0000:00:02.5: BAR 0 [mem 0xfea1a000-0xfea1afff]
[    0.126469] pci 0000:00:02.5: PCI bridge to [bus 06]
[    0.126492] pci 0000:00:02.5:   bridge window [mem 0xfde00000-0xfdffffff]
[    0.126867] pci 0000:00:02.5:   bridge window [mem 0x7080000000-0x708fffffff 64bit pref]
[    0.126915] pci 0000:00:02.5: enabling Extended Tags
[    0.127381] pci 0000:00:02.6: [1b36:000c] type 01 class 0x060400 PCIe Root Port
[    0.129852] pci 0000:00:02.6: BAR 0 [mem 0xfea1b000-0xfea1bfff]
[    0.129873] pci 0000:00:02.6: PCI bridge to [bus 07]
[    0.129898] pci 0000:00:02.6:   bridge window [mem 0xfdc00000-0xfddfffff]
[    0.130585] pci 0000:00:02.6:   bridge window [mem 0x7070000000-0x707fffffff 64bit pref]
[    0.130633] pci 0000:00:02.6: enabling Extended Tags
[    0.131115] pci 0000:00:02.7: [1b36:000c] type 01 class 0x060400 PCIe Root Port
[    0.132853] pci 0000:00:02.7: BAR 0 [mem 0xfea1c000-0xfea1cfff]
[    0.132870] pci 0000:00:02.7: PCI bridge to [bus 08]
[    0.132894] pci 0000:00:02.7:   bridge window [mem 0xfda00000-0xfdbfffff]
[    0.133741] pci 0000:00:02.7:   bridge window [mem 0x7060000000-0x706fffffff 64bit pref]
[    0.133789] pci 0000:00:02.7: enabling Extended Tags
[    0.134272] pci 0000:00:03.0: [1b36:000c] type 01 class 0x060400 PCIe Root Port
[    0.137854] pci 0000:00:03.0: BAR 0 [mem 0xfea1d000-0xfea1dfff]
[    0.137871] pci 0000:00:03.0: PCI bridge to [bus 09]
[    0.137896] pci 0000:00:03.0:   bridge window [mem 0xfd800000-0xfd9fffff]
[    0.138585] pci 0000:00:03.0:   bridge window [mem 0x7050000000-0x705fffffff 64bit pref]
[    0.138634] pci 0000:00:03.0: enabling Extended Tags
[    0.139127] pci 0000:00:03.1: [1b36:000c] type 01 class 0x060400 PCIe Root Port
[    0.141572] pci 0000:00:03.1: BAR 0 [mem 0xfea1e000-0xfea1efff]
[    0.141588] pci 0000:00:03.1: PCI bridge to [bus 0a]
[    0.141613] pci 0000:00:03.1:   bridge window [mem 0xfd600000-0xfd7fffff]
[    0.142326] pci 0000:00:03.1:   bridge window [mem 0x7040000000-0x704fffffff 64bit pref]
[    0.142375] pci 0000:00:03.1: enabling Extended Tags
[    0.142876] pci 0000:00:03.2: [1b36:000c] type 01 class 0x060400 PCIe Root Port
[    0.144569] pci 0000:00:03.2: BAR 0 [mem 0xfea1f000-0xfea1ffff]
[    0.144585] pci 0000:00:03.2: PCI bridge to [bus 0b]
[    0.144610] pci 0000:00:03.2:   bridge window [mem 0xfd400000-0xfd5fffff]
[    0.145315] pci 0000:00:03.2:   bridge window [mem 0x7030000000-0x703fffffff 64bit pref]
[    0.145363] pci 0000:00:03.2: enabling Extended Tags
[    0.145842] pci 0000:00:03.3: [1b36:000c] type 01 class 0x060400 PCIe Root Port
[    0.149853] pci 0000:00:03.3: BAR 0 [mem 0xfea20000-0xfea20fff]
[    0.149870] pci 0000:00:03.3: PCI bridge to [bus 0c]
[    0.149895] pci 0000:00:03.3:   bridge window [mem 0xfd200000-0xfd3fffff]
[    0.150565] pci 0000:00:03.3:   bridge window [mem 0x7020000000-0x702fffffff 64bit pref]
[    0.150614] pci 0000:00:03.3: enabling Extended Tags
[    0.151132] pci 0000:00:03.4: [1b36:000c] type 01 class 0x060400 PCIe Root Port
[    0.152481] pci 0000:00:03.4: BAR 0 [mem 0xfea21000-0xfea21fff]
[    0.152497] pci 0000:00:03.4: PCI bridge to [bus 0d]
[    0.152522] pci 0000:00:03.4:   bridge window [mem 0xfd000000-0xfd1fffff]
[    0.153175] pci 0000:00:03.4:   bridge window [mem 0x7010000000-0x701fffffff 64bit pref]
[    0.153223] pci 0000:00:03.4: enabling Extended Tags
[    0.153706] pci 0000:00:03.5: [1b36:000c] type 01 class 0x060400 PCIe Root Port
[    0.155853] pci 0000:00:03.5: BAR 0 [mem 0xfea22000-0xfea22fff]
[    0.155870] pci 0000:00:03.5: PCI bridge to [bus 0e]
[    0.155894] pci 0000:00:03.5:   bridge window [mem 0xfce00000-0xfcffffff]
[    0.156632] pci 0000:00:03.5:   bridge window [mem 0x7000000000-0x700fffffff 64bit pref]
[    0.156680] pci 0000:00:03.5: enabling Extended Tags
[    0.161614] pci 0000:00:1b.0: [8086:293e] type 00 class 0x040300 conventional PCI endpoint
[    0.162214] pci 0000:00:1b.0: BAR 0 [mem 0xfea10000-0xfea13fff]
[    0.162893] pci 0000:00:1f.0: [8086:2918] type 00 class 0x060100 conventional PCI endpoint
[    0.163108] pci 0000:00:1f.0: quirk: [io  0x0600-0x067f] claimed by ICH6 ACPI/GPIO/TCO
[    0.163248] pci 0000:00:1f.2: [8086:2922] type 00 class 0x010601 conventional PCI endpoint
[    0.164353] pci 0000:00:1f.2: BAR 4 [io  0xc040-0xc05f]
[    0.164360] pci 0000:00:1f.2: BAR 5 [mem 0xfea23000-0xfea23fff]
[    0.164568] pci 0000:00:1f.3: [8086:2930] type 00 class 0x0c0500 conventional PCI endpoint
[    0.165242] pci 0000:00:1f.3: BAR 4 [io  0x0700-0x073f]
[    0.165726] acpiphp: Slot [0] registered
[    0.165831] pci 0000:01:00.0: [1af4:1041] type 00 class 0x020000 PCIe Endpoint
[    0.166858] pci 0000:01:00.0: BAR 1 [mem 0xfe880000-0xfe880fff]
[    0.166878] pci 0000:01:00.0: BAR 4 [mem 0x70d0000000-0x70d0003fff 64bit pref]
[    0.166884] pci 0000:01:00.0: ROM [mem 0xfe800000-0xfe87ffff pref]
[    0.166912] pci 0000:01:00.0: enabling Extended Tags
[    0.167862] pci 0000:00:02.0: PCI bridge to [bus 01]
[    0.168634] acpiphp: Slot [0-2] registered
[    0.169924] pci 0000:02:00.0: [1b36:000d] type 00 class 0x0c0330 PCIe Endpoint
[    0.170570] pci 0000:02:00.0: BAR 0 [mem 0xfe600000-0xfe603fff 64bit]
[    0.170621] pci 0000:02:00.0: enabling Extended Tags
[    0.171419] pci 0000:00:02.1: PCI bridge to [bus 02]
[    0.172947] acpiphp: Slot [0-3] registered
[    0.173048] pci 0000:03:00.0: [1af4:1043] type 00 class 0x078000 PCIe Endpoint
[    0.173858] pci 0000:03:00.0: BAR 1 [mem 0xfe400000-0xfe400fff]
[    0.173878] pci 0000:03:00.0: BAR 4 [mem 0x70b0000000-0x70b0003fff 64bit pref]
[    0.173917] pci 0000:03:00.0: enabling Extended Tags
[    0.174825] pci 0000:00:02.2: PCI bridge to [bus 03]
[    0.175464] acpiphp: Slot [0-4] registered
[    0.175563] pci 0000:04:00.0: [1af4:1042] type 00 class 0x010000 PCIe Endpoint
[    0.176452] pci 0000:04:00.0: BAR 1 [mem 0xfe200000-0xfe200fff]
[    0.176471] pci 0000:04:00.0: BAR 4 [mem 0x70a0000000-0x70a0003fff 64bit pref]
[    0.176503] pci 0000:04:00.0: enabling Extended Tags
[    0.177413] pci 0000:00:02.3: PCI bridge to [bus 04]
[    0.177950] acpiphp: Slot [0-5] registered
[    0.178051] pci 0000:05:00.0: [1af4:1042] type 00 class 0x010000 PCIe Endpoint
[    0.179859] pci 0000:05:00.0: BAR 1 [mem 0xfe000000-0xfe000fff]
[    0.179879] pci 0000:05:00.0: BAR 4 [mem 0x7090000000-0x7090003fff 64bit pref]
[    0.179911] pci 0000:05:00.0: enabling Extended Tags
[    0.181059] pci 0000:00:02.4: PCI bridge to [bus 05]
[    0.181780] acpiphp: Slot [0-6] registered
[    0.181881] pci 0000:06:00.0: [1af4:1042] type 00 class 0x010000 PCIe Endpoint
[    0.182858] pci 0000:06:00.0: BAR 1 [mem 0xfde00000-0xfde00fff]
[    0.182878] pci 0000:06:00.0: BAR 4 [mem 0x7080000000-0x7080003fff 64bit pref]
[    0.182910] pci 0000:06:00.0: enabling Extended Tags
[    0.183817] pci 0000:00:02.5: PCI bridge to [bus 06]
[    0.184475] acpiphp: Slot [0-7] registered
[    0.184577] pci 0000:07:00.0: [1af4:1042] type 00 class 0x010000 PCIe Endpoint
[    0.186515] pci 0000:07:00.0: BAR 1 [mem 0xfdc00000-0xfdc00fff]
[    0.186534] pci 0000:07:00.0: BAR 4 [mem 0x7070000000-0x7070003fff 64bit pref]
[    0.186566] pci 0000:07:00.0: enabling Extended Tags
[    0.187458] pci 0000:00:02.6: PCI bridge to [bus 07]
[    0.187946] acpiphp: Slot [0-8] registered
[    0.188044] pci 0000:08:00.0: [1af4:1045] type 00 class 0x00ff00 PCIe Endpoint
[    0.188857] pci 0000:08:00.0: BAR 1 [mem 0xfda00000-0xfda00fff]
[    0.188876] pci 0000:08:00.0: BAR 4 [mem 0x7060000000-0x7060003fff 64bit pref]
[    0.188908] pci 0000:08:00.0: enabling Extended Tags
[    0.189821] pci 0000:00:02.7: PCI bridge to [bus 08]
[    0.190543] acpiphp: Slot [0-9] registered
[    0.190640] pci 0000:09:00.0: [1af4:1044] type 00 class 0x00ff00 PCIe Endpoint
[    0.194861] pci 0000:09:00.0: BAR 1 [mem 0xfd800000-0xfd800fff]
[    0.194884] pci 0000:09:00.0: BAR 4 [mem 0x7050000000-0x7050003fff 64bit pref]
[    0.194916] pci 0000:09:00.0: enabling Extended Tags
[    0.195835] pci 0000:00:03.0: PCI bridge to [bus 09]
[    0.196508] acpiphp: Slot [0-10] registered
[    0.196671] pci 0000:00:03.1: PCI bridge to [bus 0a]
[    0.197257] acpiphp: Slot [0-11] registered
[    0.197421] pci 0000:00:03.2: PCI bridge to [bus 0b]
[    0.197945] acpiphp: Slot [0-12] registered
[    0.198116] pci 0000:00:03.3: PCI bridge to [bus 0c]
[    0.198790] acpiphp: Slot [0-13] registered
[    0.198960] pci 0000:00:03.4: PCI bridge to [bus 0d]
[    0.199635] acpiphp: Slot [0-14] registered
[    0.199797] pci 0000:00:03.5: PCI bridge to [bus 0e]
[    0.210010] ACPI: PCI: Interrupt link LNKA configured for IRQ 10
[    0.210058] ACPI: PCI: Interrupt link LNKB configured for IRQ 10
[    0.210104] ACPI: PCI: Interrupt link LNKC configured for IRQ 11
[    0.210144] ACPI: PCI: Interrupt link LNKD configured for IRQ 11
[    0.210185] ACPI: PCI: Interrupt link LNKE configured for IRQ 10
[    0.210225] ACPI: PCI: Interrupt link LNKF configured for IRQ 10
[    0.210265] ACPI: PCI: Interrupt link LNKG configured for IRQ 11
[    0.210305] ACPI: PCI: Interrupt link LNKH configured for IRQ 11
[    0.210322] ACPI: PCI: Interrupt link GSIA configured for IRQ 16
[    0.210327] ACPI: PCI: Interrupt link GSIB configured for IRQ 17
[    0.210331] ACPI: PCI: Interrupt link GSIC configured for IRQ 18
[    0.210336] ACPI: PCI: Interrupt link GSID configured for IRQ 19
[    0.210340] ACPI: PCI: Interrupt link GSIE configured for IRQ 20
[    0.210344] ACPI: PCI: Interrupt link GSIF configured for IRQ 21
[    0.210349] ACPI: PCI: Interrupt link GSIG configured for IRQ 22
[    0.210353] ACPI: PCI: Interrupt link GSIH configured for IRQ 23
[    0.210859] iommu: Default domain type: Translated
[    0.210859] iommu: DMA domain TLB invalidation policy: lazy mode
[    0.210872] SCSI subsystem initialized
[    0.210872] libata version 3.00 loaded.
[    0.210872] ACPI: bus type USB registered
[    0.210876] usbcore: registered new interface driver usbfs
[    0.210881] usbcore: registered new interface driver hub
[    0.210884] usbcore: registered new device driver usb
[    0.210894] pps_core: LinuxPPS API ver. 1 registered
[    0.210895] pps_core: Software ver. 5.3.6 - Copyright 2005-2007 Rodolfo Giometti <giometti@linux.it>
[    0.210898] PTP clock support registered
[    0.210912] EDAC MC: Ver: 3.0.0
[    0.211190] NetLabel: Initializing
[    0.211190] NetLabel:  domain hash size = 128
[    0.211190] NetLabel:  protocols = UNLABELED CIPSOv4 CALIPSO
[    0.211190] NetLabel:  unlabeled traffic allowed by default
[    0.212113] mctp: management component transport protocol core
[    0.212113] NET: Registered PF_MCTP protocol family
[    0.212113] PCI: Using ACPI for IRQ routing
[    0.293873] PCI: pci_cache_line_size set to 64 bytes
[    0.294187] e820: reserve RAM buffer [mem 0x0009fc00-0x0009ffff]
[    0.294202] e820: reserve RAM buffer [mem 0x7ffdb000-0x7fffffff]
[    0.294874] pci 0000:00:01.0: vgaarb: setting as boot VGA device
[    0.294874] pci 0000:00:01.0: vgaarb: bridge control possible
[    0.294874] pci 0000:00:01.0: vgaarb: VGA device added: decodes=io+mem,owns=io+mem,locks=none
[    0.294876] vgaarb: loaded
[    0.294933] clocksource: Switched to clocksource kvm-clock
[    0.295058] VFS: Disk quotas dquot_6.6.0
[    0.295064] VFS: Dquot-cache hash table entries: 512 (order 0, 4096 bytes)
[    0.295728] AppArmor: AppArmor Filesystem Enabled
[    0.295747] pnp: PnP ACPI init
[    0.295864] system 00:04: [mem 0xb0000000-0xbfffffff window] has been reserved
[    0.295989] pnp: PnP ACPI: found 5 devices
[    0.302111] clocksource: acpi_pm: mask: 0xffffff max_cycles: 0xffffff, max_idle_ns: 2085701024 ns
[    0.302149] NET: Registered PF_INET protocol family
[    0.302208] IP idents hash table entries: 65536 (order: 7, 524288 bytes, linear)
[    0.311874] tcp_listen_portaddr_hash hash table entries: 2048 (order: 3, 32768 bytes, linear)
[    0.311896] Table-perturb hash table entries: 65536 (order: 6, 262144 bytes, linear)
[    0.311914] TCP established hash table entries: 32768 (order: 6, 262144 bytes, linear)
[    0.311969] TCP bind hash table entries: 32768 (order: 8, 1048576 bytes, linear)
[    0.312013] TCP: Hash tables configured (established 32768 bind 32768)
[    0.312048] MPTCP token hash table entries: 4096 (order: 4, 98304 bytes, linear)
[    0.312065] UDP hash table entries: 2048 (order: 5, 131072 bytes, linear)
[    0.312078] UDP-Lite hash table entries: 2048 (order: 5, 131072 bytes, linear)
[    0.312111] NET: Registered PF_UNIX/PF_LOCAL protocol family
[    0.312117] NET: Registered PF_XDP protocol family
[    0.312130] pci 0000:00:02.0: bridge window [io  0x1000-0x0fff] to [bus 01] add_size 1000
[    0.312134] pci 0000:00:02.1: bridge window [io  0x1000-0x0fff] to [bus 02] add_size 1000
[    0.312136] pci 0000:00:02.2: bridge window [io  0x1000-0x0fff] to [bus 03] add_size 1000
[    0.312138] pci 0000:00:02.3: bridge window [io  0x1000-0x0fff] to [bus 04] add_size 1000
[    0.312140] pci 0000:00:02.4: bridge window [io  0x1000-0x0fff] to [bus 05] add_size 1000
[    0.312142] pci 0000:00:02.5: bridge window [io  0x1000-0x0fff] to [bus 06] add_size 1000
[    0.312144] pci 0000:00:02.6: bridge window [io  0x1000-0x0fff] to [bus 07] add_size 1000
[    0.312145] pci 0000:00:02.7: bridge window [io  0x1000-0x0fff] to [bus 08] add_size 1000
[    0.312147] pci 0000:00:03.0: bridge window [io  0x1000-0x0fff] to [bus 09] add_size 1000
[    0.312149] pci 0000:00:03.1: bridge window [io  0x1000-0x0fff] to [bus 0a] add_size 1000
[    0.312150] pci 0000:00:03.2: bridge window [io  0x1000-0x0fff] to [bus 0b] add_size 1000
[    0.312152] pci 0000:00:03.3: bridge window [io  0x1000-0x0fff] to [bus 0c] add_size 1000
[    0.312154] pci 0000:00:03.4: bridge window [io  0x1000-0x0fff] to [bus 0d] add_size 1000
[    0.312155] pci 0000:00:03.5: bridge window [io  0x1000-0x0fff] to [bus 0e] add_size 1000
[    0.312163] pci 0000:00:02.0: bridge window [io  0x1000-0x1fff]: assigned
[    0.312165] pci 0000:00:02.1: bridge window [io  0x2000-0x2fff]: assigned
[    0.312167] pci 0000:00:02.2: bridge window [io  0x3000-0x3fff]: assigned
[    0.312168] pci 0000:00:02.3: bridge window [io  0x4000-0x4fff]: assigned
[    0.312169] pci 0000:00:02.4: bridge window [io  0x5000-0x5fff]: assigned
[    0.312171] pci 0000:00:02.5: bridge window [io  0x6000-0x6fff]: assigned
[    0.312172] pci 0000:00:02.6: bridge window [io  0x7000-0x7fff]: assigned
[    0.312174] pci 0000:00:02.7: bridge window [io  0x8000-0x8fff]: assigned
[    0.312175] pci 0000:00:03.0: bridge window [io  0x9000-0x9fff]: assigned
[    0.312177] pci 0000:00:03.1: bridge window [io  0xa000-0xafff]: assigned
[    0.312178] pci 0000:00:03.2: bridge window [io  0xb000-0xbfff]: assigned
[    0.312180] pci 0000:00:03.3: bridge window [io  0xd000-0xdfff]: assigned
[    0.312181] pci 0000:00:03.4: bridge window [io  0xe000-0xefff]: assigned
[    0.312183] pci 0000:00:03.5: bridge window [io  0xf000-0xffff]: assigned
[    0.312186] pci 0000:00:02.0: PCI bridge to [bus 01]
[    0.312205] pci 0000:00:02.0:   bridge window [io  0x1000-0x1fff]
[    0.313939] pci 0000:00:02.0:   bridge window [mem 0xfe800000-0xfe9fffff]
[    0.314980] pci 0000:00:02.0:   bridge window [mem 0x70d0000000-0x70dfffffff 64bit pref]
[    0.317119] pci 0000:00:02.1: PCI bridge to [bus 02]
[    0.317128] pci 0000:00:02.1:   bridge window [io  0x2000-0x2fff]
[    0.318820] pci 0000:00:02.1:   bridge window [mem 0xfe600000-0xfe7fffff]
[    0.319821] pci 0000:00:02.1:   bridge window [mem 0x70c0000000-0x70cfffffff 64bit pref]
[    0.322068] pci 0000:00:02.2: PCI bridge to [bus 03]
[    0.322076] pci 0000:00:02.2:   bridge window [io  0x3000-0x3fff]
[    0.324312] pci 0000:00:02.2:   bridge window [mem 0xfe400000-0xfe5fffff]
[    0.324882] pci 0000:00:02.2:   bridge window [mem 0x70b0000000-0x70bfffffff 64bit pref]
[    0.326196] pci 0000:00:02.3: PCI bridge to [bus 04]
[    0.326204] pci 0000:00:02.3:   bridge window [io  0x4000-0x4fff]
[    0.327482] pci 0000:00:02.3:   bridge window [mem 0xfe200000-0xfe3fffff]
[    0.328552] pci 0000:00:02.3:   bridge window [mem 0x70a0000000-0x70afffffff 64bit pref]
[    0.331024] pci 0000:00:02.4: PCI bridge to [bus 05]
[    0.331035] pci 0000:00:02.4:   bridge window [io  0x5000-0x5fff]
[    0.331847] pci 0000:00:02.4:   bridge window [mem 0xfe000000-0xfe1fffff]
[    0.332413] pci 0000:00:02.4:   bridge window [mem 0x7090000000-0x709fffffff 64bit pref]
[    0.333820] pci 0000:00:02.5: PCI bridge to [bus 06]
[    0.333827] pci 0000:00:02.5:   bridge window [io  0x6000-0x6fff]
[    0.334998] pci 0000:00:02.5:   bridge window [mem 0xfde00000-0xfdffffff]
[    0.335708] pci 0000:00:02.5:   bridge window [mem 0x7080000000-0x708fffffff 64bit pref]
[    0.337858] pci 0000:00:02.6: PCI bridge to [bus 07]
[    0.337865] pci 0000:00:02.6:   bridge window [io  0x7000-0x7fff]
[    0.339497] pci 0000:00:02.6:   bridge window [mem 0xfdc00000-0xfddfffff]
[    0.340851] pci 0000:00:02.6:   bridge window [mem 0x7070000000-0x707fffffff 64bit pref]
[    0.343233] pci 0000:00:02.7: PCI bridge to [bus 08]
[    0.343241] pci 0000:00:02.7:   bridge window [io  0x8000-0x8fff]
[    0.345252] pci 0000:00:02.7:   bridge window [mem 0xfda00000-0xfdbfffff]
[    0.346474] pci 0000:00:02.7:   bridge window [mem 0x7060000000-0x706fffffff 64bit pref]
[    0.349026] pci 0000:00:03.0: PCI bridge to [bus 09]
[    0.349033] pci 0000:00:03.0:   bridge window [io  0x9000-0x9fff]
[    0.350859] pci 0000:00:03.0:   bridge window [mem 0xfd800000-0xfd9fffff]
[    0.352078] pci 0000:00:03.0:   bridge window [mem 0x7050000000-0x705fffffff 64bit pref]
[    0.354702] pci 0000:00:03.1: PCI bridge to [bus 0a]
[    0.354710] pci 0000:00:03.1:   bridge window [io  0xa000-0xafff]
[    0.358582] pci 0000:00:03.1:   bridge window [mem 0xfd600000-0xfd7fffff]
[    0.359206] pci 0000:00:03.1:   bridge window [mem 0x7040000000-0x704fffffff 64bit pref]
[    0.360368] pci 0000:00:03.2: PCI bridge to [bus 0b]
[    0.360376] pci 0000:00:03.2:   bridge window [io  0xb000-0xbfff]
[    0.361214] pci 0000:00:03.2:   bridge window [mem 0xfd400000-0xfd5fffff]
[    0.361905] pci 0000:00:03.2:   bridge window [mem 0x7030000000-0x703fffffff 64bit pref]
[    0.363472] pci 0000:00:03.3: PCI bridge to [bus 0c]
[    0.363480] pci 0000:00:03.3:   bridge window [io  0xd000-0xdfff]
[    0.364862] pci 0000:00:03.3:   bridge window [mem 0xfd200000-0xfd3fffff]
[    0.365642] pci 0000:00:03.3:   bridge window [mem 0x7020000000-0x702fffffff 64bit pref]
[    0.366987] pci 0000:00:03.4: PCI bridge to [bus 0d]
[    0.366994] pci 0000:00:03.4:   bridge window [io  0xe000-0xefff]
[    0.369748] pci 0000:00:03.4:   bridge window [mem 0xfd000000-0xfd1fffff]
[    0.370337] pci 0000:00:03.4:   bridge window [mem 0x7010000000-0x701fffffff 64bit pref]
[    0.372593] pci 0000:00:03.5: PCI bridge to [bus 0e]
[    0.372605] pci 0000:00:03.5:   bridge window [io  0xf000-0xffff]
[    0.373493] pci 0000:00:03.5:   bridge window [mem 0xfce00000-0xfcffffff]
[    0.374097] pci 0000:00:03.5:   bridge window [mem 0x7000000000-0x700fffffff 64bit pref]
[    0.375225] pci_bus 0000:00: resource 4 [io  0x0000-0x0cf7 window]
[    0.375228] pci_bus 0000:00: resource 5 [io  0x0d00-0xffff window]
[    0.375230] pci_bus 0000:00: resource 6 [mem 0x000a0000-0x000bffff window]
[    0.375231] pci_bus 0000:00: resource 7 [mem 0x80000000-0xafffffff window]
[    0.375233] pci_bus 0000:00: resource 8 [mem 0xc0000000-0xfebfffff window]
[    0.375234] pci_bus 0000:00: resource 9 [mem 0x7000000000-0x77ffffffff window]
[    0.375236] pci_bus 0000:01: resource 0 [io  0x1000-0x1fff]
[    0.375237] pci_bus 0000:01: resource 1 [mem 0xfe800000-0xfe9fffff]
[    0.375239] pci_bus 0000:01: resource 2 [mem 0x70d0000000-0x70dfffffff 64bit pref]
[    0.375241] pci_bus 0000:02: resource 0 [io  0x2000-0x2fff]
[    0.375242] pci_bus 0000:02: resource 1 [mem 0xfe600000-0xfe7fffff]
[    0.375243] pci_bus 0000:02: resource 2 [mem 0x70c0000000-0x70cfffffff 64bit pref]
[    0.375245] pci_bus 0000:03: resource 0 [io  0x3000-0x3fff]
[    0.375246] pci_bus 0000:03: resource 1 [mem 0xfe400000-0xfe5fffff]
[    0.375247] pci_bus 0000:03: resource 2 [mem 0x70b0000000-0x70bfffffff 64bit pref]
[    0.375249] pci_bus 0000:04: resource 0 [io  0x4000-0x4fff]
[    0.375251] pci_bus 0000:04: resource 1 [mem 0xfe200000-0xfe3fffff]
[    0.375252] pci_bus 0000:04: resource 2 [mem 0x70a0000000-0x70afffffff 64bit pref]
[    0.375254] pci_bus 0000:05: resource 0 [io  0x5000-0x5fff]
[    0.375255] pci_bus 0000:05: resource 1 [mem 0xfe000000-0xfe1fffff]
[    0.375256] pci_bus 0000:05: resource 2 [mem 0x7090000000-0x709fffffff 64bit pref]
[    0.375258] pci_bus 0000:06: resource 0 [io  0x6000-0x6fff]
[    0.375259] pci_bus 0000:06: resource 1 [mem 0xfde00000-0xfdffffff]
[    0.375260] pci_bus 0000:06: resource 2 [mem 0x7080000000-0x708fffffff 64bit pref]
[    0.375262] pci_bus 0000:07: resource 0 [io  0x7000-0x7fff]
[    0.375263] pci_bus 0000:07: resource 1 [mem 0xfdc00000-0xfddfffff]
[    0.375265] pci_bus 0000:07: resource 2 [mem 0x7070000000-0x707fffffff 64bit pref]
[    0.375266] pci_bus 0000:08: resource 0 [io  0x8000-0x8fff]
[    0.375268] pci_bus 0000:08: resource 1 [mem 0xfda00000-0xfdbfffff]
[    0.375269] pci_bus 0000:08: resource 2 [mem 0x7060000000-0x706fffffff 64bit pref]
[    0.375271] pci_bus 0000:09: resource 0 [io  0x9000-0x9fff]
[    0.375272] pci_bus 0000:09: resource 1 [mem 0xfd800000-0xfd9fffff]
[    0.375273] pci_bus 0000:09: resource 2 [mem 0x7050000000-0x705fffffff 64bit pref]
[    0.375275] pci_bus 0000:0a: resource 0 [io  0xa000-0xafff]
[    0.375276] pci_bus 0000:0a: resource 1 [mem 0xfd600000-0xfd7fffff]
[    0.375277] pci_bus 0000:0a: resource 2 [mem 0x7040000000-0x704fffffff 64bit pref]
[    0.375279] pci_bus 0000:0b: resource 0 [io  0xb000-0xbfff]
[    0.375280] pci_bus 0000:0b: resource 1 [mem 0xfd400000-0xfd5fffff]
[    0.375281] pci_bus 0000:0b: resource 2 [mem 0x7030000000-0x703fffffff 64bit pref]
[    0.375283] pci_bus 0000:0c: resource 0 [io  0xd000-0xdfff]
[    0.375284] pci_bus 0000:0c: resource 1 [mem 0xfd200000-0xfd3fffff]
[    0.375285] pci_bus 0000:0c: resource 2 [mem 0x7020000000-0x702fffffff 64bit pref]
[    0.375287] pci_bus 0000:0d: resource 0 [io  0xe000-0xefff]
[    0.375293] pci_bus 0000:0d: resource 1 [mem 0xfd000000-0xfd1fffff]
[    0.375296] pci_bus 0000:0d: resource 2 [mem 0x7010000000-0x701fffffff 64bit pref]
[    0.375298] pci_bus 0000:0e: resource 0 [io  0xf000-0xffff]
[    0.375299] pci_bus 0000:0e: resource 1 [mem 0xfce00000-0xfcffffff]
[    0.375300] pci_bus 0000:0e: resource 2 [mem 0x7000000000-0x700fffffff 64bit pref]
[    0.375580] ACPI: \_SB_.GSIG: Enabled at IRQ 22
[    0.376841] PCI: CLS 0 bytes, default 64
[    0.376913] Trying to unpack rootfs image as initramfs...
[    0.377987] PCI-DMA: Using software bounce buffering for IO (SWIOTLB)
[    0.377993] software IO TLB: mapped [mem 0x000000005b000000-0x000000005f000000] (64MB)
[    0.378050] clocksource: tsc: mask: 0xffffffffffffffff max_cycles: 0x23fa772cf26, max_idle_ns: 440795269835 ns
[    0.402697] Initialise system trusted keyrings
[    0.402714] Key type blacklist registered
[    0.402919] workingset: timestamp_bits=36 max_order=20 bucket_order=0
[    0.403149] squashfs: version 4.0 (2009/01/31) Phillip Lougher
[    0.403245] fuse: init (API version 7.44)
[    0.403383] integrity: Platform Keyring initialized
[    0.403387] integrity: Machine keyring initialized
[    0.411517] Key type asymmetric registered
[    0.411524] Asymmetric key parser 'x509' registered
[    0.411584] Block layer SCSI generic (bsg) driver version 0.4 loaded (major 242)
[    0.411681] io scheduler mq-deadline registered
[    0.416681] ledtrig-cpu: registered to indicate activity on CPUs
[    0.419655] pcieport 0000:00:02.0: PME: Signaling with IRQ 24
[    0.419854] pcieport 0000:00:02.0: AER: enabled with IRQ 24
[    0.421155] pcieport 0000:00:02.1: PME: Signaling with IRQ 25
[    0.421357] pcieport 0000:00:02.1: AER: enabled with IRQ 25
[    0.428184] pcieport 0000:00:02.2: PME: Signaling with IRQ 26
[    0.428420] pcieport 0000:00:02.2: AER: enabled with IRQ 26
[    0.431472] pcieport 0000:00:02.3: PME: Signaling with IRQ 27
[    0.431768] pcieport 0000:00:02.3: AER: enabled with IRQ 27
[    0.443082] pcieport 0000:00:02.4: PME: Signaling with IRQ 28
[    0.443261] pcieport 0000:00:02.4: AER: enabled with IRQ 28
[    0.445532] pcieport 0000:00:02.5: PME: Signaling with IRQ 29
[    0.445811] pcieport 0000:00:02.5: AER: enabled with IRQ 29
[    0.451898] pcieport 0000:00:02.6: PME: Signaling with IRQ 30
[    0.452059] pcieport 0000:00:02.6: AER: enabled with IRQ 30
[    0.459788] pcieport 0000:00:02.7: PME: Signaling with IRQ 31
[    0.460009] pcieport 0000:00:02.7: AER: enabled with IRQ 31
[    0.460494] ACPI: \_SB_.GSIH: Enabled at IRQ 23
[    0.462576] pcieport 0000:00:03.0: PME: Signaling with IRQ 32
[    0.462985] pcieport 0000:00:03.0: AER: enabled with IRQ 32
[    0.465639] pcieport 0000:00:03.1: PME: Signaling with IRQ 33
[    0.470602] pcieport 0000:00:03.1: AER: enabled with IRQ 33
[    0.477527] pcieport 0000:00:03.2: PME: Signaling with IRQ 34
[    0.477746] pcieport 0000:00:03.2: AER: enabled with IRQ 34
[    0.481624] pcieport 0000:00:03.3: PME: Signaling with IRQ 35
[    0.481870] pcieport 0000:00:03.3: AER: enabled with IRQ 35
[    0.484716] pcieport 0000:00:03.4: PME: Signaling with IRQ 36
[    0.484968] pcieport 0000:00:03.4: AER: enabled with IRQ 36
[    0.487450] pcieport 0000:00:03.5: PME: Signaling with IRQ 37
[    0.487654] pcieport 0000:00:03.5: AER: enabled with IRQ 37
[    0.488177] input: Power Button as /devices/LNXSYSTM:00/LNXPWRBN:00/input/input0
[    0.488370] ACPI: button: Power Button [PWRF]
[    0.497994] ACPI: \_SB_.GSIF: Enabled at IRQ 21
[    0.539272] Serial: 8250/16550 driver, 32 ports, IRQ sharing enabled
[    0.562092] 00:00: ttyS0 at I/O 0x3f8 (irq = 4, base_baud = 115200) is a 16550A
[    0.583733] Linux agpgart interface v0.103
[    0.586068] loop: module loaded
[    0.586201] virtio_blk virtio3: 4/0/0 default/read/poll queues
[    0.587230] virtio_blk virtio3: [vda] 83886080 512-byte logical blocks (42.9 GB/40.0 GiB)
[    0.614944] GPT:Primary header thinks Alt. header is not at the end of the disk.
[    0.614953] GPT:41943039 != 83886079
[    0.614955] GPT:Alternate GPT header not at the end of the disk.
[    0.614957] GPT:41943039 != 83886079
[    0.614959] GPT: Use GNU Parted to correct GPT errors.
[    0.614965]  vda: vda1 vda2 vda3
[    0.615385] virtio_blk virtio4: 4/0/0 default/read/poll queues
[    0.618526] virtio_blk virtio4: [vdb] 20971520 512-byte logical blocks (10.7 GB/10.0 GiB)
[    0.619606] virtio_blk virtio5: 4/0/0 default/read/poll queues
[    0.622176] virtio_blk virtio5: [vdc] 20971520 512-byte logical blocks (10.7 GB/10.0 GiB)
[    0.626219] virtio_blk virtio6: 4/0/0 default/read/poll queues
[    0.627224] virtio_blk virtio6: [vdd] 20971520 512-byte logical blocks (10.7 GB/10.0 GiB)
[    0.628461] ACPI: bus type drm_connector registered
[    0.629147] tun: Universal TUN/TAP device driver, 1.6
[    0.632605] PPP generic driver version 2.4.2
[    0.634222] xhci_hcd 0000:02:00.0: xHCI Host Controller
[    0.634245] xhci_hcd 0000:02:00.0: new USB bus registered, assigned bus number 1
[    0.634981] xhci_hcd 0000:02:00.0: hcc params 0x00087001 hci version 0x100 quirks 0x0000000000000010
[    0.636268] xhci_hcd 0000:02:00.0: xHCI Host Controller
[    0.636276] xhci_hcd 0000:02:00.0: new USB bus registered, assigned bus number 2
[    0.636323] xhci_hcd 0000:02:00.0: Host supports USB 3.0 SuperSpeed
[    0.636550] usb usb1: New USB device found, idVendor=1d6b, idProduct=0002, bcdDevice= 6.17
[    0.636556] usb usb1: New USB device strings: Mfr=3, Product=2, SerialNumber=1
[    0.636558] usb usb1: Product: xHCI Host Controller
[    0.636559] usb usb1: Manufacturer: Linux 6.17.0-6-generic xhci-hcd
[    0.636561] usb usb1: SerialNumber: 0000:02:00.0
[    0.636637] hub 1-0:1.0: USB hub found
[    0.636695] hub 1-0:1.0: 15 ports detected
[    0.637085] usb usb2: We don't know the algorithms for LPM for this host, disabling LPM.
[    0.637096] usb usb2: New USB device found, idVendor=1d6b, idProduct=0003, bcdDevice= 6.17
[    0.637099] usb usb2: New USB device strings: Mfr=3, Product=2, SerialNumber=1
[    0.637100] usb usb2: Product: xHCI Host Controller
[    0.637102] usb usb2: Manufacturer: Linux 6.17.0-6-generic xhci-hcd
[    0.637103] usb usb2: SerialNumber: 0000:02:00.0
[    0.637147] hub 2-0:1.0: USB hub found
[    0.637195] hub 2-0:1.0: 15 ports detected
[    0.637758] i8042: PNP: PS/2 Controller [PNP0303:KBD,PNP0f13:MOU] at 0x60,0x64 irq 1,12
[    0.638488] serio: i8042 KBD port at 0x60,0x64 irq 1
[    0.638493] serio: i8042 AUX port at 0x60,0x64 irq 12
[    0.638588] mousedev: PS/2 mouse device common for all mice
[    0.638653] rtc_cmos 00:03: RTC can wake from S4
[    0.638962] input: AT Translated Set 2 keyboard as /devices/platform/i8042/serio0/input/input1
[    0.639185] rtc_cmos 00:03: registered as rtc0
[    0.639227] rtc_cmos 00:03: setting system clock to 2025-11-08T15:22:35 UTC (1762615355)
[    0.639267] rtc_cmos 00:03: alarms up to one day, y3k, 242 bytes nvram
[    0.639273] i2c_dev: i2c /dev entries driver
[    0.639293] device-mapper: core: CONFIG_IMA_DISABLE_HTABLE is disabled. Duplicate IMA measurements will not be recorded in the IMA log.
[    0.639308] device-mapper: uevent: version 1.0.3
[    0.639354] device-mapper: ioctl: 4.50.0-ioctl (2025-04-28) initialised: dm-devel@lists.linux.dev
[    0.639359] intel_pstate: CPU model not supported
[    0.639513] simple-framebuffer simple-framebuffer.0: [drm] Registered 1 planes with drm panic
[    0.639515] [drm] Initialized simpledrm 1.0.0 for simple-framebuffer.0 on minor 0
[    0.640846] Console: switching to colour frame buffer device 80x30
[    0.641059] simple-framebuffer simple-framebuffer.0: [drm] fb0: simpledrmdrmfb frame buffer device
[    0.641758] drop_monitor: Initializing network drop monitor service
[    0.641857] NET: Registered PF_INET6 protocol family
[    0.642472] Segment Routing with IPv6
[    0.642727] In-situ OAM (IOAM) with IPv6
[    0.642937] NET: Registered PF_PACKET protocol family
[    0.643512] Key type dns_resolver registered
[    0.645195] IPI shorthand broadcast: enabled
[    0.647696] sched_clock: Marking stable (646001874, 1657496)->(725642879, -77983509)
[    0.648468] registered taskstats version 1
[    0.649172] Loading compiled-in X.509 certificates
[    0.649895] Loaded X.509 cert 'Build time autogenerated kernel key: cabcb7c9e02399f9ce4787cbfa1c3917f4396e58'
[    0.650367] Loaded X.509 cert 'Canonical Ltd. Live Patch Signing 2025 Kmod: d541cef61dc7e793b7eb7e899970a2eef0b5dc8c'
[    0.650840] Loaded X.509 cert 'Canonical Ltd. Live Patch Signing: 14df34d1a87cf37625abec039ef2bf521249b969'
[    0.651297] Loaded X.509 cert 'Canonical Ltd. Kernel Module Signing: 88f752e560a1e0737e31163a466ad7b70a850c19'
[    0.651439] blacklist: Loading compiled-in revocation X.509 certificates
[    0.651573] Loaded X.509 cert 'Canonical Ltd. Secure Boot Signing: 61482aa2830d0ab2ad5af10b7250da9033ddcef0'
[    0.651813] Loaded X.509 cert 'Canonical Ltd. Secure Boot Signing (2017): 242ade75ac4a15e50d50c84b0d45ff3eae707a03'
[    0.652015] Loaded X.509 cert 'Canonical Ltd. Secure Boot Signing (ESM 2018): 365188c1d374d6b07c3c8f240f8ef722433d6a8b'
[    0.652218] Loaded X.509 cert 'Canonical Ltd. Secure Boot Signing (2019): c0746fd6c5da3ae827864651ad66ae47fe24b3e8'
[    0.652430] Loaded X.509 cert 'Canonical Ltd. Secure Boot Signing (2021 v1): a8d54bbb3825cfb94fa13c9f8a594a195c107b8d'
[    0.652634] Loaded X.509 cert 'Canonical Ltd. Secure Boot Signing (2021 v2): 4cf046892d6fd3c9a5b03f98d845f90851dc6a8c'
[    0.652930] Loaded X.509 cert 'Canonical Ltd. Secure Boot Signing (2021 v3): 100437bb6de6e469b581e61cd66bce3ef4ed53af'
[    0.653140] Loaded X.509 cert 'Canonical Ltd. Secure Boot Signing (Ubuntu Core 2019): c1d57b8f6b743f23ee41f4f7ee292f06eecadfb9'
[    0.656691] Demotion targets for Node 0: null
[    0.657803] Key type .fscrypt registered
[    0.657975] Key type fscrypt-provisioning registered
[    0.658145] Key type big_key registered
[    0.697348] Freeing initrd memory: 87880K
[    0.715448] Key type encrypted registered
[    0.715613] AppArmor: AppArmor sha256 policy hashing enabled
[    0.716170] ima: No TPM chip found, activating TPM-bypass!
[    0.716319] Loading compiled-in module X.509 certificates
[    0.716773] Loaded X.509 cert 'Build time autogenerated kernel key: cabcb7c9e02399f9ce4787cbfa1c3917f4396e58'
[    0.716977] ima: Allocated hash algorithm: sha256
[    0.717108] ima: No architecture policies found
[    0.717241] evm: Initialising EVM extended attributes:
[    0.717324] evm: security.selinux
[    0.717391] evm: security.SMACK64
[    0.717452] evm: security.SMACK64EXEC
[    0.717513] evm: security.SMACK64TRANSMUTE
[    0.717571] evm: security.SMACK64MMAP
[    0.717626] evm: security.apparmor
[    0.717698] evm: security.ima
[    0.717753] evm: security.capability
[    0.717799] evm: HMAC attrs: 0x1
[    0.722683] PM:   Magic number: 1:47:386
[    0.722860] pcie_pme 0000:00:02.6:pcie001: hash matches
[    0.722915] thermal cooling_device1: hash matches
[    0.724012] RAS: Correctable Errors collector initialized.
[    0.727395] clk: Disabling unused clocks
[    0.727507] PM: genpd: Disabling unused power domains
[    0.742047] Freeing unused decrypted memory: 2028K
[    0.742961] Freeing unused kernel image (initmem) memory: 5140K
[    0.743083] Write protecting the kernel read-only data: 40960k
[    0.743746] Freeing unused kernel image (text/rodata gap) memory: 1812K
[    0.744076] Freeing unused kernel image (rodata/data gap) memory: 68K
[    0.751387] x86/mm: Checked W+X mappings: passed, no W+X pages found.
[    0.751830] Run /init as init process
[    0.751878]   with arguments:
[    0.751879]     /init
[    0.751880]   with environment:
[    0.751881]     HOME=/
[    0.751881]     TERM=linux
[    0.751882]     BOOT_IMAGE=/vmlinuz-6.17.0-6-generic
[    0.872702] usb 1-1: new high-speed USB device number 2 using xhci_hcd
[    0.880874] virtio_net virtio1 enp1s0: renamed from eth0
[    0.882724] ACPI: \_SB_.GSIA: Enabled at IRQ 16
[    0.882788] [drm] pci: virtio-vga detected at 0000:00:01.0
[    0.885256] ahci 0000:00:1f.2: AHCI vers 0001.0000, 32 command slots, 1.5 Gbps, SATA mode
[    0.885510] ahci 0000:00:1f.2: 6/6 ports implemented (port mask 0x3f)
[    0.885613] ahci 0000:00:1f.2: flags: 64bit ncq only 
[    0.887884] scsi host0: ahci
[    0.888199] scsi host1: ahci
[    0.888505] scsi host2: ahci
[    0.889009] scsi host3: ahci
[    0.889283] scsi host4: ahci
[    0.889553] scsi host5: ahci
[    0.889766] ata1: SATA max UDMA/133 abar m4096@0xfea23000 port 0xfea23100 irq 70 lpm-pol 1
[    0.890027] ata2: SATA max UDMA/133 abar m4096@0xfea23000 port 0xfea23180 irq 70 lpm-pol 1
[    0.890250] ata3: SATA max UDMA/133 abar m4096@0xfea23000 port 0xfea23200 irq 70 lpm-pol 1
[    0.890403] ata4: SATA max UDMA/133 abar m4096@0xfea23000 port 0xfea23280 irq 70 lpm-pol 1
[    0.890551] ata5: SATA max UDMA/133 abar m4096@0xfea23000 port 0xfea23300 irq 70 lpm-pol 1
[    0.890758] ata6: SATA max UDMA/133 abar m4096@0xfea23000 port 0xfea23380 irq 70 lpm-pol 1
[    0.896326] Console: switching to colour dummy device 80x25
[    0.901133] virtio-pci 0000:00:01.0: vgaarb: deactivate vga console
[    0.901449] [drm] features: -virgl +edid -resource_blob -host_visible
[    0.901453] [drm] features: -context_init
[    0.908038] [drm] number of scanouts: 1
[    0.908059] [drm] number of cap sets: 0
[    0.910432] virtio-pci 0000:00:01.0: [drm] Registered 1 planes with drm panic
[    0.910441] [drm] Initialized virtio_gpu 0.1.0 for 0000:00:01.0 on minor 1
[    0.942909] fbcon: virtio_gpudrmfb (fb0) is primary device
[    0.943043] Console: switching to colour frame buffer device 160x50
[    0.949088] virtio-pci 0000:00:01.0: [drm] fb0: virtio_gpudrmfb frame buffer device
[    1.005231] usb 1-1: New USB device found, idVendor=0627, idProduct=0001, bcdDevice= 0.00
[    1.005254] usb 1-1: New USB device strings: Mfr=1, Product=3, SerialNumber=10
[    1.005264] usb 1-1: Product: QEMU USB Tablet
[    1.005270] usb 1-1: Manufacturer: QEMU
[    1.005275] usb 1-1: SerialNumber: 28754-0000:00:02.1:00.0-1
[    1.012705] hid: raw HID events driver (C) Jiri Kosina
[    1.197943] ata4: SATA link down (SStatus 0 SControl 300)
[    1.199515] ata1: SATA link up 1.5 Gbps (SStatus 113 SControl 300)
[    1.200885] ata3: SATA link down (SStatus 0 SControl 300)
[    1.201184] ata2: SATA link down (SStatus 0 SControl 300)
[    1.202468] ata5: SATA link down (SStatus 0 SControl 300)
[    1.203891] ata6: SATA link down (SStatus 0 SControl 300)
[    1.204183] ata1.00: ATAPI: QEMU DVD-ROM, 2.5+, max UDMA/100
[    1.204209] ata1.00: applying bridge limits
[    1.206284] ata1.00: configured for UDMA/100
[    1.208008] scsi 0:0:0:0: CD-ROM            QEMU     QEMU DVD-ROM     2.5+ PQ: 0 ANSI: 5
[    1.251449] sr 0:0:0:0: [sr0] scsi3-mmc drive: 4x/4x cd/rw xa/form2 tray
[    1.251519] cdrom: Uniform CD-ROM driver Revision: 3.20
[    1.274492] sr 0:0:0:0: Attached scsi CD-ROM sr0
[    1.275125] sr 0:0:0:0: Attached scsi generic sg0 type 5
[    1.281809] usbcore: registered new interface driver usbhid
[    1.281846] usbhid: USB HID core driver
[    1.286250] input: QEMU QEMU USB Tablet as /devices/pci0000:00/0000:00:02.1/0000:02:00.0/usb1/1-1/1-1:1.0/0003:0627:0001.0001/input/input4
[    1.286519] hid-generic 0003:0627:0001.0001: input,hidraw0: USB HID v0.01 Mouse [QEMU QEMU USB Tablet] on usb-0000:02:00.0-1/input0
[    1.765386] input: ImExPS/2 Generic Explorer Mouse as /devices/platform/i8042/serio1/input/input3
[    2.631780] raid6: avx2x4   gen() 35967 MB/s
[    2.648673] raid6: avx2x2   gen() 37111 MB/s
[    2.665672] raid6: avx2x1   gen() 36991 MB/s
[    2.665796] raid6: using algorithm avx2x2 gen() 37111 MB/s
[    2.682692] raid6: .... xor() 25824 MB/s, rmw enabled
[    2.682812] raid6: using avx2x2 recovery algorithm
[    2.683960] xor: automatically using best checksumming function   avx       
[    2.685075] async_tx: api initialized (async)
[    2.826493] Btrfs loaded, zoned=yes, fsverity=yes
[    3.028834] EXT4-fs (dm-0): orphan cleanup on readonly fs
[    3.029529] EXT4-fs (dm-0): mounted filesystem 9a0118c2-fc78-4e5f-8ebd-2e36d6861433 ro with ordered data mode. Quota mode: none.
[    3.258980] systemd[1]: Inserted module 'autofs4'
[    3.281794] systemd[1]: systemd 257.9-0ubuntu2 running in system mode (+PAM +AUDIT +SELINUX +APPARMOR +IMA +IPE +SMACK +SECCOMP +GCRYPT -GNUTLS +OPENSSL +ACL +BLKID +CURL +ELFUTILS +FIDO2 +IDN2 -IDN +IPTC +KMOD +LIBCRYPTSETUP +LIBCRYPTSETUP_PLUGINS +LIBFDISK +PCRE2 +PWQUALITY +P11KIT +QRENCODE +TPM2 +BZIP2 +LZ4 +XZ +ZLIB +ZSTD +BPF_FRAMEWORK +BTF -XKBCOMMON -UTMP +SYSVINIT +LIBARCHIVE)
[    3.282590] systemd[1]: Detected virtualization kvm.
[    3.282882] systemd[1]: Detected architecture x86-64.
[    3.287640] systemd[1]: Hostname set to <server>.
[    3.324265] systemd[1]: bpf-restrict-fs: BPF LSM hook not enabled in the kernel, BPF LSM not supported.
[    3.406369] Guest personality initialized and is inactive
[    3.406933] VMCI host device registered (name=vmci, major=10, minor=261)
[    3.407228] Initialized host personality
[    3.414147] NET: Registered PF_VSOCK protocol family
[    3.561545] systemd[1]: Queued start job for default target graphical.target.
[    3.581911] systemd[1]: Created slice system-modprobe.slice - Slice /system/modprobe.
[    3.582706] systemd[1]: Created slice system-systemd\x2dfsck.slice - Slice /system/systemd-fsck.
[    3.583135] systemd[1]: Created slice user.slice - User and Session Slice.
[    3.583478] systemd[1]: Started systemd-ask-password-wall.path - Forward Password Requests to Wall Directory Watch.
[    3.584142] systemd[1]: Set up automount proc-sys-fs-binfmt_misc.automount - Arbitrary Executable File Formats File System Automount Point.
[    3.590028] systemd[1]: Expecting device dev-disk-by\x2duuid-384a46a8\x2dc7b1\x2d4bd7\x2d8d86\x2d6ffe7c5b3f76.device - /dev/disk/by-uuid/384a46a8-c7b1-4bd7-8d86-6ffe7c5b3f76...
[    3.591017] systemd[1]: Reached target integritysetup.target - Local Integrity Protected Volumes.
[    3.591798] systemd[1]: Reached target slices.target - Slice Units.
[    3.592162] systemd[1]: Reached target snapd.mounts-pre.target - Mounting snaps.
[    3.592528] systemd[1]: Reached target snapd.mounts.target - Mounted snaps.
[    3.593655] systemd[1]: Reached target swap.target - Swaps.
[    3.594059] systemd[1]: Reached target time-set.target - System Time Set.
[    3.594439] systemd[1]: Reached target veritysetup.target - Local Verity Protected Volumes.
[    3.594871] systemd[1]: Listening on dm-event.socket - Device-mapper event daemon FIFOs.
[    3.595254] systemd[1]: Listening on lvm2-lvmpolld.socket - LVM2 poll daemon socket.
[    3.595698] systemd[1]: Listening on syslog.socket - Syslog Socket.
[    3.602116] systemd[1]: Listening on systemd-creds.socket - Credential Encryption/Decryption.
[    3.603007] systemd[1]: Listening on systemd-initctl.socket - initctl Compatibility Named Pipe.
[    3.603726] systemd[1]: Listening on systemd-journald-dev-log.socket - Journal Socket (/dev/log).
[    3.604434] systemd[1]: Listening on systemd-journald.socket - Journal Sockets.
[    3.607233] systemd[1]: Listening on systemd-networkd.socket - Network Service Netlink Socket.
[    3.607937] systemd[1]: systemd-pcrextend.socket - TPM PCR Measurements was skipped because of an unmet condition check (ConditionSecurity=measured-uki).
[    3.608251] systemd[1]: systemd-pcrlock.socket - Make TPM PCR Policy was skipped because of an unmet condition check (ConditionSecurity=measured-uki).
[    3.608681] systemd[1]: Listening on systemd-udevd-control.socket - udev Control Socket.
[    3.609396] systemd[1]: Listening on systemd-udevd-kernel.socket - udev Kernel Socket.
[    3.615596] systemd[1]: Mounting dev-hugepages.mount - Huge Pages File System...
[    3.616875] systemd[1]: Mounting dev-mqueue.mount - POSIX Message Queue File System...
[    3.618449] systemd[1]: run-lock.mount: Directory /run/lock to mount over is not empty, mounting anyway.
[    3.633070] systemd[1]: Mounting run-lock.mount - Legacy Locks Directory /run/lock...
[    3.635417] systemd[1]: Mounting sys-kernel-debug.mount - Kernel Debug File System...
[    3.636673] systemd[1]: Mounting sys-kernel-tracing.mount - Kernel Trace File System...
[    3.641719] systemd[1]: Mounting tmp.mount - Temporary Directory /tmp...
[    3.647936] systemd[1]: Starting systemd-journald.service - Journal Service...
[    3.650087] systemd[1]: Starting keyboard-setup.service - Set the console keyboard layout...
[    3.652197] systemd[1]: Starting kmod-static-nodes.service - Create List of Static Device Nodes...
[    3.653984] systemd[1]: Starting lvm2-monitor.service - Monitoring of LVM2 mirrors, snapshots etc. using dmeventd or progress polling...
[    3.657260] systemd[1]: Starting modprobe@configfs.service - Load Kernel Module configfs...
[    3.660254] systemd[1]: Starting modprobe@dm_multipath.service - Load Kernel Module dm_multipath...
[    3.663946] systemd[1]: Starting modprobe@drm.service - Load Kernel Module drm...
[    3.667690] systemd[1]: Starting modprobe@efi_pstore.service - Load Kernel Module efi_pstore...
[    3.669939] systemd[1]: Starting modprobe@fuse.service - Load Kernel Module fuse...
[    3.672290] systemd[1]: netplan-ovs-cleanup.service - OpenVSwitch configuration for cleanup was skipped because of an unmet condition check (ConditionFileIsExecutable=/usr/bin/ovs-vsctl).
[    3.673976] systemd[1]: systemd-fsck-root.service - File System Check on Root Device was skipped because of an unmet condition check (ConditionPathExists=!/run/initramfs/fsck-root).
[    3.674530] systemd[1]: systemd-hibernate-clear.service - Clear Stale Hibernate Storage Info was skipped because of an unmet condition check (ConditionPathExists=/sys/firmware/efi/efivars/HibernateLocation-8cf2644b-4b0b-428f-9387-6d876050dc67).
[    3.677562] systemd[1]: Starting systemd-modules-load.service - Load Kernel Modules...
[    3.679080] systemd[1]: systemd-pcrmachine.service - TPM PCR Machine ID Measurement was skipped because of an unmet condition check (ConditionSecurity=measured-uki).
[    3.681627] systemd[1]: Starting systemd-remount-fs.service - Remount Root and Kernel File Systems...
[    3.684474] systemd-journald[405]: Collecting audit messages is disabled.
[    3.685652] systemd[1]: systemd-tpm2-setup-early.service - Early TPM SRK Setup was skipped because of an unmet condition check (ConditionSecurity=measured-uki).
[    3.689585] systemd[1]: Starting systemd-udev-load-credentials.service - Load udev Rules from Credentials...
[    3.694932] EXT4-fs (dm-0): re-mounted 9a0118c2-fc78-4e5f-8ebd-2e36d6861433 r/w.
[    3.696965] systemd[1]: Starting systemd-udev-trigger.service - Coldplug All udev Devices...
[    3.702720] systemd[1]: Mounted dev-hugepages.mount - Huge Pages File System.
[    3.705408] systemd[1]: Mounted dev-mqueue.mount - POSIX Message Queue File System.
[    3.707547] systemd[1]: Mounted run-lock.mount - Legacy Locks Directory /run/lock.
[    3.708642] systemd[1]: Mounted sys-kernel-debug.mount - Kernel Debug File System.
[    3.711534] systemd[1]: Mounted sys-kernel-tracing.mount - Kernel Trace File System.
[    3.712521] systemd[1]: Mounted tmp.mount - Temporary Directory /tmp.
[    3.714801] systemd[1]: Finished kmod-static-nodes.service - Create List of Static Device Nodes.
[    3.715981] systemd[1]: modprobe@configfs.service: Deactivated successfully.
[    3.716713] systemd[1]: Finished modprobe@configfs.service - Load Kernel Module configfs.
[    3.718611] systemd[1]: modprobe@dm_multipath.service: Deactivated successfully.
[    3.719186] systemd[1]: Finished modprobe@dm_multipath.service - Load Kernel Module dm_multipath.
[    3.720637] systemd[1]: modprobe@drm.service: Deactivated successfully.
[    3.721287] systemd[1]: Finished modprobe@drm.service - Load Kernel Module drm.
[    3.723361] systemd[1]: modprobe@efi_pstore.service: Deactivated successfully.
[    3.724008] systemd[1]: Finished modprobe@efi_pstore.service - Load Kernel Module efi_pstore.
[    3.726713] systemd[1]: Finished lvm2-monitor.service - Monitoring of LVM2 mirrors, snapshots etc. using dmeventd or progress polling.
[    3.727903] systemd[1]: modprobe@fuse.service: Deactivated successfully.
[    3.728604] systemd[1]: Finished modprobe@fuse.service - Load Kernel Module fuse.
[    3.733408] systemd[1]: Started systemd-journald.service - Journal Service.
[    3.770994] systemd-journald[405]: Received client request to flush runtime journal.
[    4.121911] lpc_ich 0000:00:1f.0: I/O space for GPIO uninitialized
[    4.153394] i801_smbus 0000:00:1f.3: SMBus using PCI interrupt
[    4.154092] i2c i2c-0: Memory type 0x07 not supported yet, not instantiating SPD
[    4.210047] snd_hda_codec_generic hdaudioC0D0: autoconfig for Generic: line_outs=1 (0x3/0x0/0x0/0x0/0x0) type:line
[    4.210054] snd_hda_codec_generic hdaudioC0D0:    speaker_outs=0 (0x0/0x0/0x0/0x0/0x0)
[    4.210056] snd_hda_codec_generic hdaudioC0D0:    hp_outs=0 (0x0/0x0/0x0/0x0/0x0)
[    4.210058] snd_hda_codec_generic hdaudioC0D0:    mono: mono_out=0x0
[    4.210059] snd_hda_codec_generic hdaudioC0D0:    inputs:
[    4.210060] snd_hda_codec_generic hdaudioC0D0:      Line=0x5
[    4.220865] RAPL PMU: API unit is 2^-32 Joules, 0 fixed counters, 10737418240 ms ovfl timer
[    4.393365] intel_rapl_msr: PL4 support detected.
[    4.765836] EXT4-fs (vda2): mounted filesystem 384a46a8-c7b1-4bd7-8d86-6ffe7c5b3f76 r/w with ordered data mode. Quota mode: none.
[    4.847976] audit: type=1400 audit(1762615359.708:2): apparmor="STATUS" operation="profile_load" profile="unconfined" name=4D6F6E676F444220436F6D70617373 pid=719 comm="apparmor_parser"
[    4.848108] audit: type=1400 audit(1762615359.708:3): apparmor="STATUS" operation="profile_load" profile="unconfined" name="1password" pid=717 comm="apparmor_parser"
[    4.848293] audit: type=1400 audit(1762615359.708:4): apparmor="STATUS" operation="profile_load" profile="unconfined" name="QtWebEngineProcess" pid=720 comm="apparmor_parser"
[    4.848326] audit: type=1400 audit(1762615359.708:5): apparmor="STATUS" operation="profile_load" profile="unconfined" name="Discord" pid=718 comm="apparmor_parser"
[    4.850700] audit: type=1400 audit(1762615359.711:6): apparmor="STATUS" operation="profile_load" profile="unconfined" name="balena-etcher" pid=729 comm="apparmor_parser"
[    4.854606] audit: type=1400 audit(1762615359.714:7): apparmor="STATUS" operation="profile_load" profile="unconfined" name="bfdd" pid=730 comm="apparmor_parser"
[    4.855171] audit: type=1400 audit(1762615359.715:8): apparmor="STATUS" operation="profile_load" profile="unconfined" name="alsamixer" pid=727 comm="apparmor_parser"
[    4.855914] audit: type=1400 audit(1762615359.716:9): apparmor="STATUS" operation="profile_load" profile="unconfined" name="babeld" pid=728 comm="apparmor_parser"
[    4.856893] audit: type=1400 audit(1762615359.717:10): apparmor="STATUS" operation="profile_load" profile="unconfined" name="bgpd" pid=731 comm="apparmor_parser"
[    4.904631] cfg80211: Loading compiled-in X.509 certificates for regulatory database
[    4.904938] Loaded X.509 cert 'sforshee: 00b28ddf47aef9cea7'
[    4.905028] Loaded X.509 cert 'wens: 61c038651aabdcf94bd0ac7ff06c7248db18c600'
[    5.369697] kauditd_printk_skb: 177 callbacks suppressed
[    5.369700] audit: type=1400 audit(1762615360.224:188): apparmor="STATUS" operation="profile_replace" info="same as current profile, skipping" profile="unconfined" name="rsyslogd" pid=934 comm="apparmor_parser"
[    5.380338] audit: type=1400 audit(1762615360.240:189): apparmor="DENIED" operation="capable" class="cap" profile="systemd-detect-virt" pid=960 comm="systemd-detect-" capability=38  capname="perfmon"
[    5.604252] NET: Registered PF_QIPCRTR protocol family
[    5.693747] loop0: detected capacity change from 0 to 8
[    5.809917] audit: type=1400 audit(1762615360.669:190): apparmor="STATUS" operation="profile_replace" profile="unconfined" name="/usr/lib/snapd/snap-confine" pid=1063 comm="apparmor_parser"
[    5.819182] audit: type=1400 audit(1762615360.678:191): apparmor="STATUS" operation="profile_replace" profile="unconfined" name="/usr/lib/snapd/snap-confine//mount-namespace-capture-helper" pid=1063 comm="apparmor_parser"
[ 2571.270359] device-mapper: raid: Superblocks created for new raid set
[ 2571.274694] md/raid:mdX: not clean -- starting background reconstruction
[ 2571.274713] md/raid:mdX: device dm-2 operational as raid disk 0
[ 2571.274714] md/raid:mdX: device dm-4 operational as raid disk 1
[ 2571.274715] md/raid:mdX: device dm-6 operational as raid disk 2
[ 2571.275296] md/raid:mdX: raid level 5 active with 3 out of 3 devices, algorithm 2
[ 2571.275305] device-mapper: raid: raid456 discard support disabled due to discard_zeroes_data uncertainty.
[ 2571.275735] device-mapper: raid: Set dm-raid.devices_handle_discard_safely=Y to override.
[ 2571.303417] mdX: bitmap file is out of date, doing full recovery
[ 2571.305858] md: resync of RAID array mdX
[ 2584.660303] md: mdX: resync done.
[ 3216.587669] md/raid:mdX: device dm-2 operational as raid disk 0
[ 3216.587673] md/raid:mdX: device dm-4 operational as raid disk 1
[ 3216.587674] md/raid:mdX: device dm-6 operational as raid disk 2
[ 3216.588716] md/raid:mdX: raid level 5 active with 3 out of 3 devices, algorithm 2
[ 3216.589065] device-mapper: raid: raid456 discard support disabled due to discard_zeroes_data uncertainty.
[ 3216.589548] device-mapper: raid: Set dm-raid.devices_handle_discard_safely=Y to override.
[ 3216.595622] device-mapper: vdo0:lvconvert: table line: V4 /dev/dm-7 1310720 4096 32768 16380 deduplication on compression on maxDiscard 1 ack 1 bio 4 bioRotationInterval 64 cpu 2 hash 1 logical 1 physical 1
[ 3216.595636] device-mapper: vdo0:lvconvert: loading device '252:8'
[ 3216.595778] device-mapper: vdo0:lvconvert: zones: 1 logical, 1 physical, 1 hash; total threads: 12
[ 3216.778600] device-mapper: vdo0:lvconvert: starting device '252:8'
[ 3216.783201] device-mapper: vdo: vdo0:physQ0: VDO commencing normal operation
[ 3216.783273] device-mapper: vdo: vdo0:journalQ: Setting UDS index target state to online
[ 3216.783281] device-mapper: vdo: vdo0:dedupeQ: creating index: 252:7
[ 3216.783286] device-mapper: vdo: vdo0:dedupeQ: Using 2 indexing zones for concurrency.
[ 3216.783287] device-mapper: vdo0:lvconvert: device '252:8' started
[ 3216.783289] device-mapper: vdo0:lvconvert: resuming device '252:8'
[ 3216.792373] device-mapper: vdo0:lvconvert: device '252:8' resumed
[ 4124.231997] workqueue: drm_fb_helper_damage_work hogged CPU for >10000us 4 times, consider switching to WQ_UNBOUND
[ 4155.209515] workqueue: drm_fb_helper_damage_work hogged CPU for >10000us 5 times, consider switching to WQ_UNBOUND
[ 5233.896548] md/raid:mdX: Disk failure on dm-6, disabling device.
[ 5233.897447] md/raid:mdX: Operation continuing on 2 devices.
[ 5259.834757] watchdog: BUG: soft lockup - CPU#1 stuck for 26s! [mdX_raid5:3222]
[ 5259.834760] Modules linked in: dm_vdo dm_bufio lz4_compress dm_raid qrtr cfg80211 binfmt_misc intel_rapl_msr intel_rapl_common intel_uncore_frequency_common intel_pmc_core pmt_telemetry pmt_discovery pmt_class intel_pmc_ssram_telemetry intel_vsec kvm_intel kvm irqbypass rapl snd_hda_codec_generic snd_hda_intel snd_hda_codec snd_hda_core snd_intel_dspcfg snd_intel_sdw_acpi snd_hwdep snd_pcm i2c_i801 snd_timer i2c_smbus i2c_mux snd lpc_ich soundcore joydev input_leds mac_hid sch_fq_codel msr dm_multipath efi_pstore nfnetlink vsock_loopback vmw_vsock_virtio_transport_common vmw_vsock_vmci_transport vsock vmw_vmci dmi_sysfs qemu_fw_cfg ip_tables x_tables autofs4 btrfs blake2b_generic raid10 raid456 async_raid6_recov async_memcpy async_pq async_xor async_tx xor raid6_pq raid1 raid0 linear hid_generic usbhid hid polyval_clmulni ghash_clmulni_intel virtio_rng psmouse ahci virtio_gpu libahci serio_raw virtio_dma_buf aesni_intel
[ 5259.839056] CPU: 1 UID: 0 PID: 3222 Comm: mdX_raid5 Not tainted 6.17.0-6-generic #6-Ubuntu PREEMPT(voluntary) 
[ 5259.839058] Hardware name: QEMU Standard PC (Q35 + ICH9, 2009), BIOS 1.16.3-debian-1.16.3-2 04/01/2014
[ 5259.839060] RIP: 0010:_raw_spin_unlock_irq+0x15/0x60
[ 5259.839931] Code: cc cc 0f 1f 00 90 90 90 90 90 90 90 90 90 90 90 90 90 90 90 90 0f 1f 44 00 00 55 48 89 e5 e8 a2 00 00 00 90 fb 0f 1f 44 00 00 <65> ff 0d f4 49 b6 01 74 10 5d 31 c0 31 d2 31 c9 31 f6 31 ff c3 cc
[ 5259.839932] RSP: 0018:ffffd3ab825e3ce0 EFLAGS: 00000246
[ 5259.839934] RAX: 0000000000000001 RBX: ffff8a8c8f012800 RCX: 0000000000000000
[ 5259.839935] RDX: ffff8a8c81ad9ae0 RSI: 0000000000000000 RDI: ffff8a8c8f01281c
[ 5259.839935] RBP: ffffd3ab825e3ce0 R08: 0000000000000000 R09: 0000000000000000
[ 5259.839936] R10: 0000000000000000 R11: 0000000000000000 R12: 0000000000000005
[ 5259.839936] R13: ffff8a8c8f01281c R14: 0000000000000000 R15: 0000000000000000
[ 5259.839937] FS:  0000000000000000(0000) GS:ffff8a8d43aff000(0000) knlGS:0000000000000000
[ 5259.839938] CS:  0010 DS: 0000 ES: 0000 CR0: 0000000080050033
[ 5259.839939] CR2: 0000000042b1d000 CR3: 000000017e440003 CR4: 0000000000772ef0
[ 5259.839942] PKRU: 55555554
[ 5259.839943] Call Trace:
[ 5259.839944]  <TASK>
[ 5259.839947]  raid5_get_active_stripe+0x163/0x310 [raid456]
[ 5259.839953]  ? do_release_stripe+0x211/0x3c0 [raid456]
[ 5259.840121]  raid5d+0x2d0/0x650 [raid456]
[ 5259.840126]  md_thread+0x9f/0x1b0
[ 5259.840414]  ? __pfx_autoremove_wake_function+0x10/0x10
[ 5259.840972]  ? __pfx_md_thread+0x10/0x10
[ 5259.840974]  kthread+0x108/0x220
[ 5259.841088]  ? __pfx_kthread+0x10/0x10
[ 5259.841089]  ret_from_fork+0x131/0x150
[ 5259.841363]  ? __pfx_kthread+0x10/0x10
[ 5259.841364]  ret_from_fork_asm+0x1a/0x30
[ 5259.841595]  </TASK>
